[2026-04-16 13:35:03] [INFO] [com.filemanager.Application] Starting Application using Java 17.0.12 on DXVDI1080099 with PID 9348 (D:\source_code\ai_demo\file-manager\target\classes started by wb_liming in D:\source_code\ai_demo)[2026-04-16 13:35:03] [INFO] [com.filemanager.Application] No active profile set, falling back to 1 default profile: "default"[2026-04-16 13:35:04] [INFO] [o.s.b.d.e.DevToolsPropertyDefaultsPostProcessor] Devtools property defaults active! Set 'spring.devtools.add-properties' to 'false' to disable[2026-04-16 13:35:04] [INFO] [o.s.b.d.e.DevToolsPropertyDefaultsPostProcessor] For additional web related logging consider setting the 'logging.level.web' property to 'DEBUG'[2026-04-16 13:35:06] [WARN] [o.m.s.mapper.ClassPathMapperScanner] No MyBatis mapper was found in '[com.filemanager.repository]' package. Please check your configuration.[2026-04-16 13:35:07] [INFO] [o.s.b.w.e.tomcat.TomcatWebServer] Tomcat initialized with port(s): 8080 (http)[2026-04-16 13:35:07] [INFO] [o.a.catalina.core.StandardService] Starting service [Tomcat][2026-04-16 13:35:07] [INFO] [o.a.catalina.core.StandardEngine] Starting Servlet engine: [Apache Tomcat/9.0.83][2026-04-16 13:35:08] [INFO] [o.a.c.c.C.[Tomcat].[localhost].[/]] Initializing Spring embedded WebApplicationContext[2026-04-16 13:35:08] [INFO] [o.s.b.w.s.c.ServletWebServerApplicationContext] Root WebApplicationContext: initialization completed in 3699 ms[2026-04-16 13:35:09] [INFO] [com.zaxxer.hikari.HikariDataSource] HikariPool-1 - Starting...[2026-04-16 13:35:11] [ERROR] [com.zaxxer.hikari.pool.HikariPool] HikariPool-1 - Exception during pool initialization.java.sql.SQLException: path to 'db/fileManager.db': 'D:\source_code\ai_demo\db' does not exist
	at org.sqlite.SQLiteConnection.open(SQLiteConnection.java:261)
	at org.sqlite.SQLiteConnection.<init>(SQLiteConnection.java:67)
	at org.sqlite.jdbc3.JDBC3Connection.<init>(JDBC3Connection.java:28)
	at org.sqlite.jdbc4.JDBC4Connection.<init>(JDBC4Connection.java:19)
	at org.sqlite.JDBC.createConnection(JDBC.java:106)
	at org.sqlite.JDBC.connect(JDBC.java:79)
	at com.zaxxer.hikari.util.DriverDataSource.getConnection(DriverDataSource.java:121)
	at com.zaxxer.hikari.pool.PoolBase.newConnection(PoolBase.java:364)
	at com.zaxxer.hikari.pool.PoolBase.newPoolEntry(PoolBase.java:206)
	at com.zaxxer.hikari.pool.HikariPool.createPoolEntry(HikariPool.java:476)
	at com.zaxxer.hikari.pool.HikariPool.checkFailFast(HikariPool.java:561)
	at com.zaxxer.hikari.pool.HikariPool.<init>(HikariPool.java:115)
	at com.zaxxer.hikari.HikariDataSource.getConnection(HikariDataSource.java:112)
	at org.springframework.jdbc.datasource.DataSourceUtils.fetchConnection(DataSourceUtils.java:160)
	at org.springframework.jdbc.datasource.DataSourceUtils.doGetConnection(DataSourceUtils.java:118)
	at org.springframework.jdbc.datasource.DataSourceUtils.getConnection(DataSourceUtils.java:81)
	at org.springframework.jdbc.core.JdbcTemplate.execute(JdbcTemplate.java:332)
	at org.springframework.boot.jdbc.EmbeddedDatabaseConnection.isEmbedded(EmbeddedDatabaseConnection.java:164)
	at org.springframework.boot.jdbc.init.DataSourceScriptDatabaseInitializer.isEmbeddedDatabase(DataSourceScriptDatabaseInitializer.java:70)
	at org.springframework.boot.sql.init.AbstractScriptDatabaseInitializer.isEnabled(AbstractScriptDatabaseInitializer.java:83)
	at org.springframework.boot.sql.init.AbstractScriptDatabaseInitializer.applyScripts(AbstractScriptDatabaseInitializer.java:106)
	at org.springframework.boot.sql.init.AbstractScriptDatabaseInitializer.applySchemaScripts(AbstractScriptDatabaseInitializer.java:97)
	at org.springframework.boot.sql.init.AbstractScriptDatabaseInitializer.initializeDatabase(AbstractScriptDatabaseInitializer.java:75)
	at org.springframework.boot.sql.init.AbstractScriptDatabaseInitializer.afterPropertiesSet(AbstractScriptDatabaseInitializer.java:65)
	at org.springframework.beans.factory.support.AbstractAutowireCapableBeanFactory.invokeInitMethods(AbstractAutowireCapableBeanFactory.java:1863)
	at org.springframework.beans.factory.support.AbstractAutowireCapableBeanFactory.initializeBean(AbstractAutowireCapableBeanFactory.java:1800)
	at org.springframework.beans.factory.support.AbstractAutowireCapableBeanFactory.doCreateBean(AbstractAutowireCapableBeanFactory.java:620)
	at org.springframework.beans.factory.support.AbstractAutowireCapableBeanFactory.createBean(AbstractAutowireCapableBeanFactory.java:542)
	at org.springframework.beans.factory.support.AbstractBeanFactory.lambda$doGetBean$0(AbstractBeanFactory.java:335)
	at org.springframework.beans.factory.support.DefaultSingletonBeanRegistry.getSingleton(DefaultSingletonBeanRegistry.java:234)
	at org.springframework.beans.factory.support.AbstractBeanFactory.doGetBean(AbstractBeanFactory.java:333)
	at org.springframework.beans.factory.support.AbstractBeanFactory.getBean(AbstractBeanFactory.java:208)
	at org.springframework.beans.factory.support.AbstractBeanFactory.doGetBean(AbstractBeanFactory.java:322)
	at org.springframework.beans.factory.support.AbstractBeanFactory.getBean(AbstractBeanFactory.java:208)
	at org.springframework.beans.factory.support.DefaultListableBeanFactory.preInstantiateSingletons(DefaultListableBeanFactory.java:955)
	at org.springframework.context.support.AbstractApplicationContext.finishBeanFactoryInitialization(AbstractApplicationContext.java:929)
	at org.springframework.context.support.AbstractApplicationContext.refresh(AbstractApplicationContext.java:591)
	at org.springframework.boot.web.servlet.context.ServletWebServerApplicationContext.refresh(ServletWebServerApplicationContext.java:147)
	at org.springframework.boot.SpringApplication.refresh(SpringApplication.java:732)
	at org.springframework.boot.SpringApplication.refreshContext(SpringApplication.java:409)
	at org.springframework.boot.SpringApplication.run(SpringApplication.java:308)
	at org.springframework.boot.SpringApplication.run(SpringApplication.java:1300)
	at org.springframework.boot.SpringApplication.run(SpringApplication.java:1289)
	at com.filemanager.Application.main(Application.java:17)
	at java.base/jdk.internal.reflect.NativeMethodAccessorImpl.invoke0(Native Method)
	at java.base/jdk.internal.reflect.NativeMethodAccessorImpl.invoke(NativeMethodAccessorImpl.java:77)
	at java.base/jdk.internal.reflect.DelegatingMethodAccessorImpl.invoke(DelegatingMethodAccessorImpl.java:43)
	at java.base/java.lang.reflect.Method.invoke(Method.java:568)
	at org.springframework.boot.devtools.restart.RestartLauncher.run(RestartLauncher.java:50)
[2026-04-16 13:35:11] [WARN] [o.s.b.a.s.s.UserDetailsServiceAutoConfiguration] 

Using generated security password: 5eba8a0e-e524-4ac2-965a-cf7fdf10582e

This generated password is for development use only. Your security configuration must be updated before running your application in production.
[2026-04-16 13:35:11] [INFO] [o.s.s.web.DefaultSecurityFilterChain] Will secure any request with [org.springframework.security.web.session.DisableEncodeUrlFilter@50bdc57d, org.springframework.security.web.context.request.async.WebAsyncManagerIntegrationFilter@cc7d9ac, org.springframework.security.web.context.SecurityContextPersistenceFilter@5f994a4f, org.springframework.security.web.header.HeaderWriterFilter@4137d08c, org.springframework.security.web.csrf.CsrfFilter@29f296ad, org.springframework.security.web.authentication.logout.LogoutFilter@3429c4e, org.springframework.security.web.authentication.UsernamePasswordAuthenticationFilter@47223d70, org.springframework.security.web.authentication.ui.DefaultLoginPageGeneratingFilter@46d33bb7, org.springframework.security.web.authentication.ui.DefaultLogoutPageGeneratingFilter@68e78480, org.springframework.security.web.authentication.www.BasicAuthenticationFilter@54a110e6, org.springframework.security.web.savedrequest.RequestCacheAwareFilter@6e87d7e, org.springframework.security.web.servletapi.SecurityContextHolderAwareRequestFilter@1ba209c, org.springframework.security.web.authentication.AnonymousAuthenticationFilter@6ca17a70, org.springframework.security.web.session.SessionManagementFilter@5089bac, org.springframework.security.web.access.ExceptionTranslationFilter@6d503a56, org.springframework.security.web.access.intercept.FilterSecurityInterceptor@7be1f510][2026-04-16 13:35:11] [INFO] [o.s.b.d.a.OptionalLiveReloadServer] LiveReload server is running on port 35729[2026-04-16 13:35:11] [INFO] [o.s.b.w.e.tomcat.TomcatWebServer] Tomcat started on port(s): 8080 (http) with context path ''[2026-04-16 13:35:11] [INFO] [com.filemanager.Application] Started Application in 9.928 seconds (JVM running for 12.049)[2026-04-16 13:35:11] [INFO] [com.zaxxer.hikari.HikariDataSource] HikariPool-1 - Starting...[2026-04-16 13:35:12] [ERROR] [com.zaxxer.hikari.pool.HikariPool] HikariPool-1 - Exception during pool initialization.java.sql.SQLException: path to 'db/fileManager.db': 'D:\source_code\ai_demo\db' does not exist
	at org.sqlite.SQLiteConnection.open(SQLiteConnection.java:261)
	at org.sqlite.SQLiteConnection.<init>(SQLiteConnection.java:67)
	at org.sqlite.jdbc3.JDBC3Connection.<init>(JDBC3Connection.java:28)
	at org.sqlite.jdbc4.JDBC4Connection.<init>(JDBC4Connection.java:19)
	at org.sqlite.JDBC.createConnection(JDBC.java:106)
	at org.sqlite.JDBC.connect(JDBC.java:79)
	at com.zaxxer.hikari.util.DriverDataSource.getConnection(DriverDataSource.java:121)
	at com.zaxxer.hikari.pool.PoolBase.newConnection(PoolBase.java:364)
	at com.zaxxer.hikari.pool.PoolBase.newPoolEntry(PoolBase.java:206)
	at com.zaxxer.hikari.pool.HikariPool.createPoolEntry(HikariPool.java:476)
	at com.zaxxer.hikari.pool.HikariPool.checkFailFast(HikariPool.java:561)
	at com.zaxxer.hikari.pool.HikariPool.<init>(HikariPool.java:115)
	at com.zaxxer.hikari.HikariDataSource.getConnection(HikariDataSource.java:112)
	at com.filemanager.config.DatabaseInitializer.run(DatabaseInitializer.java:30)
	at org.springframework.boot.SpringApplication.callRunner(SpringApplication.java:765)
	at org.springframework.boot.SpringApplication.lambda$callRunners$2(SpringApplication.java:749)
	at java.base/java.util.stream.ForEachOps$ForEachOp$OfRef.accept(ForEachOps.java:183)
	at java.base/java.util.stream.SortedOps$SizedRefSortingSink.end(SortedOps.java:357)
	at java.base/java.util.stream.AbstractPipeline.copyInto(AbstractPipeline.java:510)
	at java.base/java.util.stream.AbstractPipeline.wrapAndCopyInto(AbstractPipeline.java:499)
	at java.base/java.util.stream.ForEachOps$ForEachOp.evaluateSequential(ForEachOps.java:150)
	at java.base/java.util.stream.ForEachOps$ForEachOp$OfRef.evaluateSequential(ForEachOps.java:173)
	at java.base/java.util.stream.AbstractPipeline.evaluate(AbstractPipeline.java:234)
	at java.base/java.util.stream.ReferencePipeline.forEach(ReferencePipeline.java:596)
	at org.springframework.boot.SpringApplication.callRunners(SpringApplication.java:744)
	at org.springframework.boot.SpringApplication.run(SpringApplication.java:315)
	at org.springframework.boot.SpringApplication.run(SpringApplication.java:1300)
	at org.springframework.boot.SpringApplication.run(SpringApplication.java:1289)
	at com.filemanager.Application.main(Application.java:17)
	at java.base/jdk.internal.reflect.NativeMethodAccessorImpl.invoke0(Native Method)
	at java.base/jdk.internal.reflect.NativeMethodAccessorImpl.invoke(NativeMethodAccessorImpl.java:77)
	at java.base/jdk.internal.reflect.DelegatingMethodAccessorImpl.invoke(DelegatingMethodAccessorImpl.java:43)
	at java.base/java.lang.reflect.Method.invoke(Method.java:568)
	at org.springframework.boot.devtools.restart.RestartLauncher.run(RestartLauncher.java:50)
[2026-04-16 13:35:13] [INFO] [o.s.b.a.l.ConditionEvaluationReportLoggingListener] 

Error starting ApplicationContext. To display the conditions report re-run your application with 'debug' enabled.[2026-04-16 13:35:13] [ERROR] [o.s.boot.SpringApplication] Application run failedjava.lang.IllegalStateException: Failed to execute CommandLineRunner
	at org.springframework.boot.SpringApplication.callRunner(SpringApplication.java:768)
	at org.springframework.boot.SpringApplication.lambda$callRunners$2(SpringApplication.java:749)
	at java.base/java.util.stream.ForEachOps$ForEachOp$OfRef.accept(ForEachOps.java:183)
	at java.base/java.util.stream.SortedOps$SizedRefSortingSink.end(SortedOps.java:357)
	at java.base/java.util.stream.AbstractPipeline.copyInto(AbstractPipeline.java:510)
	at java.base/java.util.stream.AbstractPipeline.wrapAndCopyInto(AbstractPipeline.java:499)
	at java.base/java.util.stream.ForEachOps$ForEachOp.evaluateSequential(ForEachOps.java:150)
	at java.base/java.util.stream.ForEachOps$ForEachOp$OfRef.evaluateSequential(ForEachOps.java:173)
	at java.base/java.util.stream.AbstractPipeline.evaluate(AbstractPipeline.java:234)
	at java.base/java.util.stream.ReferencePipeline.forEach(ReferencePipeline.java:596)
	at org.springframework.boot.SpringApplication.callRunners(SpringApplication.java:744)
	at org.springframework.boot.SpringApplication.run(SpringApplication.java:315)
	at org.springframework.boot.SpringApplication.run(SpringApplication.java:1300)
	at org.springframework.boot.SpringApplication.run(SpringApplication.java:1289)
	at com.filemanager.Application.main(Application.java:17)
	at java.base/jdk.internal.reflect.NativeMethodAccessorImpl.invoke0(Native Method)
	at java.base/jdk.internal.reflect.NativeMethodAccessorImpl.invoke(NativeMethodAccessorImpl.java:77)
	at java.base/jdk.internal.reflect.DelegatingMethodAccessorImpl.invoke(DelegatingMethodAccessorImpl.java:43)
	at java.base/java.lang.reflect.Method.invoke(Method.java:568)
	at org.springframework.boot.devtools.restart.RestartLauncher.run(RestartLauncher.java:50)
Caused by: java.sql.SQLException: path to 'db/fileManager.db': 'D:\source_code\ai_demo\db' does not exist
	at org.sqlite.SQLiteConnection.open(SQLiteConnection.java:261)
	at org.sqlite.SQLiteConnection.<init>(SQLiteConnection.java:67)
	at org.sqlite.jdbc3.JDBC3Connection.<init>(JDBC3Connection.java:28)
	at org.sqlite.jdbc4.JDBC4Connection.<init>(JDBC4Connection.java:19)
	at org.sqlite.JDBC.createConnection(JDBC.java:106)
	at org.sqlite.JDBC.connect(JDBC.java:79)
	at com.zaxxer.hikari.util.DriverDataSource.getConnection(DriverDataSource.java:121)
	at com.zaxxer.hikari.pool.PoolBase.newConnection(PoolBase.java:364)
	at com.zaxxer.hikari.pool.PoolBase.newPoolEntry(PoolBase.java:206)
	at com.zaxxer.hikari.pool.HikariPool.createPoolEntry(HikariPool.java:476)
	at com.zaxxer.hikari.pool.HikariPool.checkFailFast(HikariPool.java:561)
	at com.zaxxer.hikari.pool.HikariPool.<init>(HikariPool.java:115)
	at com.zaxxer.hikari.HikariDataSource.getConnection(HikariDataSource.java:112)
	at com.filemanager.config.DatabaseInitializer.run(DatabaseInitializer.java:30)
	at org.springframework.boot.SpringApplication.callRunner(SpringApplication.java:765)
	... 19 common frames omitted
[2026-04-16 13:55:35] [INFO] [com.filemanager.Application] Starting Application using Java 17.0.12 on DXVDI1080099 with PID 17832 (D:\source_code\ai_demo\file-manager\target\classes started by wb_liming in D:\source_code\ai_demo)[2026-04-16 13:55:35] [INFO] [com.filemanager.Application] No active profile set, falling back to 1 default profile: "default"[2026-04-16 13:55:36] [INFO] [o.s.b.d.e.DevToolsPropertyDefaultsPostProcessor] Devtools property defaults active! Set 'spring.devtools.add-properties' to 'false' to disable[2026-04-16 13:55:36] [INFO] [o.s.b.d.e.DevToolsPropertyDefaultsPostProcessor] For additional web related logging consider setting the 'logging.level.web' property to 'DEBUG'[2026-04-16 13:55:38] [WARN] [o.m.s.mapper.ClassPathMapperScanner] No MyBatis mapper was found in '[com.filemanager.repository]' package. Please check your configuration.[2026-04-16 13:55:40] [INFO] [o.s.b.w.e.tomcat.TomcatWebServer] Tomcat initialized with port(s): 8080 (http)[2026-04-16 13:55:40] [INFO] [o.a.catalina.core.StandardService] Starting service [Tomcat][2026-04-16 13:55:40] [INFO] [o.a.catalina.core.StandardEngine] Starting Servlet engine: [Apache Tomcat/9.0.83][2026-04-16 13:55:40] [INFO] [o.a.c.c.C.[Tomcat].[localhost].[/]] Initializing Spring embedded WebApplicationContext[2026-04-16 13:55:40] [INFO] [o.s.b.w.s.c.ServletWebServerApplicationContext] Root WebApplicationContext: initialization completed in 4432 ms[2026-04-16 13:55:42] [INFO] [com.zaxxer.hikari.HikariDataSource] HikariPool-1 - Starting...[2026-04-16 13:55:42] [INFO] [com.zaxxer.hikari.HikariDataSource] HikariPool-1 - Start completed.[2026-04-16 13:55:42] [WARN] [o.s.b.a.s.s.UserDetailsServiceAutoConfiguration] 

Using generated security password: 47128410-6d19-404c-994f-64bb3ac9e3a5

This generated password is for development use only. Your security configuration must be updated before running your application in production.
[2026-04-16 13:55:43] [INFO] [o.s.s.web.DefaultSecurityFilterChain] Will secure any request with [org.springframework.security.web.session.DisableEncodeUrlFilter@25e1bdbf, org.springframework.security.web.context.request.async.WebAsyncManagerIntegrationFilter@b7472bb, org.springframework.security.web.context.SecurityContextPersistenceFilter@74911aa8, org.springframework.security.web.header.HeaderWriterFilter@3a6ce33, org.springframework.security.web.csrf.CsrfFilter@6086e22d, org.springframework.security.web.authentication.logout.LogoutFilter@272544bd, org.springframework.security.web.authentication.UsernamePasswordAuthenticationFilter@c32785c, org.springframework.security.web.authentication.ui.DefaultLoginPageGeneratingFilter@7831ec8, org.springframework.security.web.authentication.ui.DefaultLogoutPageGeneratingFilter@6e734f97, org.springframework.security.web.authentication.www.BasicAuthenticationFilter@43bda0d8, org.springframework.security.web.savedrequest.RequestCacheAwareFilter@11712511, org.springframework.security.web.servletapi.SecurityContextHolderAwareRequestFilter@28901ffc, org.springframework.security.web.authentication.AnonymousAuthenticationFilter@18960904, org.springframework.security.web.session.SessionManagementFilter@45971890, org.springframework.security.web.access.ExceptionTranslationFilter@77a81653, org.springframework.security.web.access.intercept.FilterSecurityInterceptor@6bc71f60][2026-04-16 13:55:43] [INFO] [o.s.b.d.a.OptionalLiveReloadServer] LiveReload server is running on port 35729[2026-04-16 13:55:43] [INFO] [o.s.b.w.e.tomcat.TomcatWebServer] Tomcat started on port(s): 8080 (http) with context path ''[2026-04-16 13:55:44] [INFO] [com.filemanager.Application] Started Application in 9.356 seconds (JVM running for 10.771)